// Jest Snapshot v1, https://goo.gl/fbAQLP

exports[`renders correctly 1`] = `
<div>
  <div
    class="mainGrid"
  >
    <div />
    <div />
    <div />
  </div>
</div>
`;
