// Jest Snapshot v1, https://goo.gl/fbAQLP

exports[`renders correctly 1`] = `
<div>
  <li>
    <span
      data-testid="matcher"
      style="color: #b9b9b9"
    >
      Re
    </span>
    cord
  </li>
</div>
`;
