// Jest Snapshot v1, https://goo.gl/fbAQLP

exports[`renders correctly 1`] = `
<div>
  <div>
    <input
      name="search"
      placeholder="Start typing to search"
      type="search"
    />
  </div>
</div>
`;
